[   .000000] Initilizing cgroup subsyscpuset
[    0.0000] Initilizing cgrupsubsys cpu
[    0.000000]Initializing cgroup subsys cpuacct
[    0.000000] Linux version 4.4.0-137-generic (buildd@lgw01-amd64-037) (gcc version 5.4.0 16060(Uuntu 5.40-6uunu1~16.04.10)) #63-Ubuntu SMP Mn ep 24 13:14:43 UTC 2018 (Ubuntu 4.4.0-137.163-generic 4.4.144)
[    0.000000] Command line: BOOT_IMAGE=/boot/vmlinu4.4.0-137-generc root=LBE=coudimgrotfs ro consol=tty console=ttyS0
[    0.00000] KERNELsupported cps:
[   0.0000]   Intel GenuineIntel
[    0.000000]   AMD AuthenticAMD
[    0.000000]   Centau CnturHauls
    0.000000] x86/fpu: xstate_offset[2]:  576, xstate_sizes[2]:  256
[    0.000000] x86/fpu: Supporting XSAVE feature 0x01: 'x87 floating point registers'
[    0.000000] x86/fpu: Supporting XSAVE feature 0x02: 'SSE registers'
[    0.000000] x86/fpu: Supporting XSAVE feature 0x04: 'AVX registers'
[    0.000000] x86/fpu: Enabled xstate features 0x7, context size is 832 bytes, using 'standard' format.
[    0.000000] e820: BIOS-provided physical RAM map:
[    0.000000] BIOS-e820: [mem 0x0000000000000000-0x000000000009fbff] usable
[    0.000000] BIOS-e820: [mem 0x000000000009fc00-0x000000000009ffff] reserved
[    0.000000] BIOS-e820: [mem 0x000000000f0000-0x00000000000fffff] reserved
[   .00000] BIOS-e820: [mem x0000000010000-0x0000003feffffusblle
   0.000000] BIOS-820: [mem 0x00000003ff000-0x0000003ffffff] AC dta
   0.00000] BIOS-e820: [mm x0000000fec00000x0000000ec0ff] reerved
   0.00000] BIOS-e820: mem 0x0000000fe0000-0x00000000fee00fff] reserved
[    0.000000] BIOS-e820: [mem 0x00000000fffc0000-0x00000000ffffffff] reserved
[    0.000000] NX (Execute Disable) protection: active
[    0.000000] SMBIOS 2.5 present.
[    0.000000] Hypervisor detected: KVM
[    0.000000] e820: last_pfn = 0x3fff0 max_arch__pfn = 0x400000000
[    0.000000] MTRR: Disabled
[    0.000000] x86/PAT: MTRRs disaled, skippig AT initialization too.
[    0.000000] CPU MTRRs all blank - virtualizesystem.
[    0.000000] x86/PAT: Configuration [0-7]: WB  WT  UC- UC  WB  WT  UC- UC  
[    0.000000] found SMP MP-table at [mem 0x0009fff0-0x0009ffff] mapped at [ffff88000009fff0]
[    0.000000] Scanning 1 areas for low memory corruption
[    0.000000] RAMDISK: [mem 0x3630e000-0x3717efff]
[    0.000000] ACPI: Early table checksum verification disabled
[    0.000000] ACPI: RSDP 0x00000000000E000 0004 (v02BO  )
[    0.000000] ACPI: XSDT 0x000000003FFF0030 00003C (v01 VBOX   VBOXXSDT 00000001 SL 000006)[    0.000000] ACPI: FACP 0x000000003FFF00F0 0000F4 (v04 VBOX   VBOXXFACP 00000001 ASL  00000061)
[    0.000000] ACPI: DSDT 0x000000003FFF0470 0021FF (v02 VBOX   VBOXBIOS 00000002 INTL 20100528)
[    0.000000] ACPI: FACS 0x000000003FFF0200 00040
[   0.0000]ACPI: FACS 0x000000003FFF0200 000040
[    0.000000] ACPI: APIC 0x000000003F040 00005C (v02VBX  VBOXAP 00000001 ASL  00000061)
[    0.000000] ACPI: SSDT 0x000000003FFF02A0 0001CC (v01 VBOX   VBOXCPUT 00000002 INTL 20100528)
[    0.000000] No NUMA configuration found
[    0.000000] Faking a node at [mem 0x0000000000000000-0x000000003ffeff]
[   .00000]NOE_ATA(0) locaed [em x3ffeb00-0xffffff]
[    0.0000]kvm-coc: sing msrs 4b564d01 and 4b564d00
[    0.000000] kvm-clock: cpu 0, msr 0:3ffe3001, primary cpu cloc
[    0.0000] kvm-lok: using sched offset of 3831617274 cycles
[    0.000000] clocksource: kv-clock: mask: 0xffffffffffffffff max_cyes: 0x1cd44dfb, max_ide_ns 88159059143 ns
[    000000] Zone ranges:
[    0.0000]  DMA      [mem 0x000000000000100-0x00000000ffffff
   0..000000]   DM32  [mem 000000001000000x0000003fefff]
[    0.000000]   Normal   empty
[    0.000000]   Device   empty
[    0.000000] Movable zone start for each node
[    0.000000] Early memory node ranges
[    0.000000]   node   0: [mem 0x0000000000001000-0x000000000009efff]
[   .000000]   node   0: [mem 0x0000000000100000-0x000000003ffeffff]
[    0.000000] Initmem etup node0 [mem0x0000000000000-0x000000003fffff]
[    .0000] ACPI: PM-Timer IO Port: 0x4008
[    0.000000] IOAPIC[0]: apicid2, vesin 32, address 0xec00000, GSI 0-23
[    0.000000] ACPI: INT_SRC_OVR (bus 0 bus_irq 0 global_irq 2 dfl dfl)
[    0.000000] ACPI: INT_SRC_OVR (bus 0 bus_irq 9 global_irq 9 low level)
[    0.000000] Using ACPI (MADT) for SMP configuration information
[    0.000000] smpboot: llowing 2 CPUs, 0 hotplug CPUs
[    0.0000] PM: Registered nosav memory: mem 0x0000000-00000ff]
[    0.000000] PM: Registered nosave memory: [mem 0x0009f000-0x0009ffff]
[    0.000000 P: Registered nosave memory: [mem 0x000a0000-0x000effff]
[    0.000000] M:Regstered nosae emory:[me 0000f000-0x000ffff]
[    0.000000] e820: [mem 0x40000000-0xfebfffff] available for PCI devices
[   000000]Botig paravirtualized kernel on KVM
[    0.000000] clocksure: refind-ifies: mask: 0xffffffff max_ccls:0xffffffff, maxidle_ns 764551960021168ns
[    0.00000]seup_perpu N_CPUS:512 nr_cpuas_bits:512 nr_cpu_ids:2 nr_node_ids:1
[    0.000000] PERCPU: Embedded 34 pages/cpu @ffff88003fc0000 s99608 r8192d3464u104576
[    0.000000] PV qspinlock hash table entries: 256 (order: 0, 4096 bytes)
[    0.000000] Built 1 zonelists in Node order, mobility grouping on.  Total pages: 25712
[    0.000000] Policy zone: DMA32
[    0.000000] Kernel command line: BOOT_IMAGE=/boot/vmlinuz-4.4.0-137-generic root=LABEL=cloudimg-rootfs ro console=tty1 console=ttyS0
[    0.000000] PID hash table entries: 4096 (order: 3, 32768 bytes)
[   0.00000 Memory:997716K/1048120K available (8555K kernel code, 1314K rwataa, 4004 rdata, 1528K init, 1316K bss, 50404K reserved, 0K cma-reserved)
[    0.000000] SLUB: HWalign=64, Order=0-3, MinObjects=0, CPUs=2, Nodes=1
[    0.000000] Kernel/User page tables isolation: enabled
[    0.000000] Hierarchical RCU implementation.
[    0.000000] 	Bui-tme adjutmntof leaf fanutto64.
[   .00000] 	RU retricting CUsfrom NR_CPUS=512 to nr_cpu_ids=2.
[    0.000000] RCU: Adjusting geometry for rcu_fanout_leaf=64, nr_cpu_id=2
[    0.00000] R_IRS:33024 nr_rq:40 16
[    0.000000]Cosole: colour VGA+ 80x25
[   0.0000] conol [tty1] enabled
[    0.000000] console [ttyS0] enabled
[    0.00000] tsc: Detected 1599.999 MHz processor
[    6.135972] Calibrating delay loop (skipped) preset value.. 319999 BogoMIPS (lpj=6399996)
[    6.165653] pid_max: default: 32768 minimum: 301
[    6.167287] ACPI: Core revision 20150930
[    6.182885] ACPI: 2 ACPI AML tables successfully acquired and loaded
[    6.237547] Security Framework initialized
[    6.247087] Yama: becoming mindful.
[    6.255176] AppArmor: AppArmor initialized
[    6.276849] Dentry cache hash table entries: 131072 (order: 8, 1048576 bytes)
[    6.289892] Inode-cache hash table entries: 65536 (order: 7, 524288 bytes)
[    6.305891] Mount-cache hash table entries: 2048 (order: 2, 16384 bytes)
[    6.307703] Mountpoint-cache hash table entries: 2048 (order: 2, 16384 bytes)
[    6.309489] Initializing cgroup subsys io
[    6.310563] Initializing cgroup subsys memory
[    6.317575] Initializing cgroup subsys devices
[    6.320112] Initializing cgroup subsys freezer
[    6.333650] Initializing cgroup subsys net_cls
[    6.349027] Initializing cgroup subsys perf_event
[    6.356946] Initializing cgroup subsys net_prio
[    6.361309] Initializing cgroup subsys hugetlb
[    6.368227] Initializing cgroup subsys pids
[    6.370632] mce: CPU supports 0 MCE banks
[    6.383642] Last level iTLB entries: 4KB 64, 2MB 8, 4MB 8
[    6.389184] Last level dTLB entries: 4KB 64, 2MB 0, 4MB 0, 1GB 4
[    6.396787] Spectre V2 : Mitigation: Full generic retpoline
[    6.409923] Spectre V2 : Spectre v2 mitigation: Speculation control IBPB not-supported IBRS not-supported
[    6.412337] Spectre V2 : Spectre v2 / SpectreRSB mitigation: Filling RSB on context switch
[    6.417081] Speculative Store Bypass: Vulnerable
[    6.427087] Freeing SMP alternatives memory: 32K
[    6.471345] ftrace: allocating 32265 entries in 127 pages
[    6.571658] smpboot: APIC(0) Converting physical 0 to logical package 0
[    6.597401] smpboot: Max logical packages: 1
[    6.628100] x2apic enabled
[    6.637197] Switched APIC routing to physical x2apic.
[    6.671567] ..TIMER: vector=0x30 apic1=0 pin1=2 apic2=-1 pin2=-1
[    6.796066] smpboot: CPU0: Intel(R) Core(TM) i5-5250U CPU @ 1.60GHz (family: 0x6, model: 0x3d, stepping: 0x4)
[    6.840610] Performance Events: unsupported p6 CPU model 61 no PMU driver, software events only.
[    6.897246] KVM setup paravirtual spinlock
[    6.909401] x86: Booting SMP configuration:
[    6.913403] .... node  #0, CPUs:      #1
[    6.940285] kvm-clock: cpu 1, msr 0:3ffe3041, secondary cpu clock
[    6.949069] mce: CPU supports 0 MCE banks
[    6.972088] x86: Booted up 1 node, 2 CPUs
[    6.989019] smpboot: Total of 2 processors activated (6399.99 BogoMIPS)
[    7.011104] devtmpfs: initialized
[    7.037967] evm: security.selinux
[    7.055872] evm: security.SMACK64
[    7.069588] evm: security.SMACK64EXEC
[    7.081668] evm: security.SMACK64TRANSMUTE
[    7.107719] evm: security.SMACK64MMAP
[    7.127505] evm: security.ima
[    7.129725] evm: security.capability
[    7.136626] clocksource: jiffies: mask: 0xffffffff max_cycles: 0xffffffff, max_idle_ns: 7645041785100000 ns
[    7.200481] futex hash table entries: 512 (order: 3, 32768 bytes)
[    7.216315] pinctrl core: initialized pinctrl subsystem
[    7.249265] RTC time: 15:40:07, date: 11/21/18
[    7.260571] NET: Registered protocol family 16
[    7.291522] cpuidle: using governor ladder
[    7.319757] cpuidle: using governor menu
[    7.334463] PCCT header not found.
[    7.335993] ACPI: bus type PCI registered
[    7.351613] acpiphp: ACPI Hot Plug PCI Controller Driver version: 0.5
[    7.370652] PCI: Using configuration type 1 for base access
[    7.413512] ACPI: Added _OSI(Module Device)
[    7.430564] ACPI: Added _OSI(Processor Device)
[    7.452898] ACPI: Added _OSI(3.0 _SCP Extensions)
[    7.468086] ACPI: Added _OSI(Processor Aggregator Device)
[    7.496021] ACPI: Executed 1 blocks of module-level executable AML code
[    7.527833] ACPI: Interpreter enabled
[    7.529187] ACPI: (supports S0 S5)
[    7.530308] ACPI: Using IOAPIC for interrupt routing
[    7.531967] PCI: Using host bridge windows from ACPI; if necessary, use "pci=nocrs" and report a bug
[    7.539654] ACPI: PCI Root Bridge [PCI0] (domain 0000 [bus 00-ff])
[    7.541344] acpi PNP0A03:00: _OSC: OS supports [ASPM ClockPM Segments MSI]
[    7.549206] acpi PNP0A03:00: _OSC: not requesting OS control; OS requires [ExtendedConfig ASPM ClockPM MSI]
[    7.552194] acpi PNP0A03:00: fail to add MMCONFIG information, can't access extended PCI configuration space under this bridge.
[    7.586488] PCI host bridge to bus 0000:00
[    7.594733] pci_bus 0000:00: root bus resource [io  0x0000-0x0cf7 window]
[    7.611689] pci_bus 0000:00: root bus resource [io  0x0d00-0xffff window]
[    7.627666] pci_bus 0000:00: root bus resource [mem 0x000a0000-0x000bffff window]
[    7.640058] pci_bus 0000:00: root bus resource [mem 0x40000000-0xfdffffff window]
[    7.642272] pci_bus 0000:00: root bus resource [bus 00-ff]
[    7.660614] pci 0000:00:01.1: legacy IDE quirk: reg 0x10: [io  0x01f0-0x01f7]
[    7.697369] pci 0000:00:01.1: legacy IDE quirk: reg 0x14: [io  0x03f6]
[    7.731108] pci 0000:00:01.1: legacy IDE quirk: reg 0x18: [io  0x0170-0x0177]
[    7.759760] pci 0000:00:01.1: legacy IDE quirk: reg 0x1c: [io  0x0376]
[    7.804166] pci 0000:00:07.0: quirk: [io  0x4000-0x403f] claimed by PIIX4 ACPI
[    7.844039] pci 0000:00:07.0: quirk: [io  0x4100-0x410f] claimed by PIIX4 SMB
[    7.873752] ACPI: PCI Interrupt Link [LNKA] (IRQs 5 9 10 *11)
[    7.903239] ACPI: PCI Interrupt Link [LNKB] (IRQs 5 9 *10 11)
[    7.938654] ACPI: PCI Interrupt Link [LNKC] (IRQs 5 *9 10 11)
[    7.963744] ACPI: PCI Interrupt Link [LNKD] (IRQs 5 9 10 *11)
[    7.986480] ACPI: Enabled 2 GPEs in block 00 to 07
[    8.000805] vgaarb: setting as boot device: PCI:0000:00:02.0
[    8.012527] vgaarb: device added: PCI:0000:00:02.0,decodes=io+mem,owns=io+mem,locks=none
[    8.035546] vgaarb: loaded
[    8.050986] vgaarb: bridge control possible 0000:00:02.0
[    8.068229] SCSI subsystem initialized
[    8.087019] ACPI: bus type USB registered
[    8.105970] usbcore: registered new interface driver usbfs
[    8.108788] usbcore: registered new interface driver hub
[    8.134092] usbcore: registered new device driver usb
[    8.160526] PCI: Using ACPI for IRQ routing
[    8.170354] NetLabel: Initializing
[    8.193150] NetLabel:  domain hash size = 128
[    8.206650] NetLabel:  protocols = UNLABELED CIPSOv4
[    8.249514] NetLabel:  unlabeled traffic allowed by default
[    8.268022] amd_nb: Cannot enumerate AMD northbridges
[    8.298089] clocksource: Switched to clocksource kvm-clock
[    8.39450] ApAmo: pprmr ilsyte Enabed
[    8.650751] pnp: PnP ACPI init
[    8.652989] pnp: PnP ACPI: found 3 devices

[    8.666328] clocksource: acpi_pm: mask: 0xffffff max_cycl: 0xffffff, max_idle_ns: 2085701024 ns
[    8.746258] ET Rgiteedprtoolfail 2

[    9.0723] CP established hash tbl entres 892(ode: , 556 ytes)
   9474631] TCPbid hash taleenris:812 order: 5, 131072 bytes)
[    9.793857] TCP: Hh tables configured (established 8192 bind 8192)
[   9.7395 UP as tab etries: 512 (order: 2, 16384 bytes)
[  1.16011] DP-Lie shtaleenries: 512 (order: 2, 16384 bytes)
[  1.4634] NET: Registered roocl amly1[  1.7302]pci 0000:00:00.0: Limiting direct PCI/PCI transfers
[   10.914146] pci 0000:00:01.0: Activating ISA DMA hang workarounds
[   10.915852] Unpacking initramfs...

[   11.249752] Freeing initrd memory: 14788K
[   11.257127] RAPL PMU detected, API unit is 2^-32 Joules, 4 fixed counters 10737418240 ms ovfl timer
[   11.302001] hw unit of domain pp0-core 2^-0 Joules
[   11.318167] hw unit of domain package 2^-0 Joules
[   11.342932] hw unit of domain dram 2^-0 Joules
[   11.358926] hw unit of domain pp1-gpu 2^-0 Joules
[   11.374856] platform rtc_cmos: registered platform RTC device (no PNP device found)
[   11.403736] Scanning for low memory corruption every 60 seconds
[   11.480221] audit: initializing netlink subsys (disabled)
[   11.495145] audit: type=2000 audit(1542814809.077:1): initialized
[   11.512950] Initialise system trusted keyring
[   11.537507] HugeTLB registered 2 MB page size, pre-allocated 0 pages
[   11.555058] zbud: loaded
[   11.560118] VFS: Disk quotas dquot_6.6.0
[   11.613745] VFS: Dquot-cache hash table entries: 512 (order 0, 4096 bytes)
[   11.667185] squashfs: version 4.0 (2009/01/31) Phillip Lougher
[   11.672377] fuse init (API version 7.23)
[   11.709314] Key type big_key registered
[   11.760352] Allocating IMA MOK and blacklist keyrings.
[   11.803099] Key type asymmetric registered
[   11.826152] Asymmetric key parser 'x509' registered
[   11.845282] Block layer SCSI generic (bsg) driver version 0.4 loaded (major 249)
[   11.887869] io scheduler noop registered
[   11.899474] io scheduler deadline registered (default)
[   11.962144] io scheduler cfq registered
[   12.028289] pci_hotplug: PCI Hot Plug PCI Core version: 0.5
[   12.030027] pciehp: PCI Express Hot Plug Controller Driver version: 0.4
[   12.088612] ACPI: AC Adapter [AC] (on-line)
[   12.121166] input: Power Button as /devices/LNXSYSTM:00/LNXPWRBN:00/input/input0
[   12.175324] ACPI: Power Button [PWRF]
[   12.186695] input: Sleep Button as /devices/LNXSYSTM:00/LNXSLPBN:00/input/input1
[   12.200155] ACPI: Sleep Button [SLPF]
[   12.213350] ACPI: Battery Slot [BAT0] (battery present)
[   12.352] GHES: HEST is not enable!
[   12.37493]tsc: Refined TSCclckoucecaibaton 19906 z
[   12.374905] loksoue:ts: as: xffffffffffffff max_cycles: 0x170d957ad3, max_idle_ns: 440795210633 ns

[   13.187063] Serial: 8250/16550 driver, 32 ports, IRQ sharing enabled
[   13.229933] 00:02: ttyS0 at I/O 0x3f8 (irq = 4, base_baud = 115200) is a 16550A
[   13.233620] Linux agpgart interface v0.103
[   13.244591] loop: module loaded
[   13.248682] scsi host0: ata_piix
[   13.256051] scsi host1: ata_piix
[   13.257544] ata1: PATA max UDMA/33 cmd 0x1f0 ctl 0x3f6 bmdma 0xd000 irq 14
[   13.263576] ata2: PATA max UDMA/33 cmd 0x170 ctl 0x376 bmdma 0xd008 irq 15
[   13.280677] libphy: Fixed MDIO Bus: probed
[   13.293441] tun: Universal TUN/TAP device driver, 1.6
[   13.306090] tun: (C) 1999-2004 Max Krasnyansky <maxk@qualcomm.com>
[   13.316452] PPP generic driver version 2.4.2
[   13.359220] ehci_hcd: USB 2.0 'Enhanced' Host Controller (EHCI) Driver
[   13.361334] ehci-pci: EHCI PCI platform driver
[   13.362934] ehci-platform: EHCI generic platform driver
[   13.364735] ohci_hcd: USB 1.1 'Open' Host Controller (OHCI) Driver
[   13.430403] ohci-pci: OHCI PCI platform driver
[   13.458283] ohci-platform: OHCI generic platform driver
[   13.483317] uhci_hcd: USB Universal Host Controller Interface driver
[   13.526792] i8042: PNP: PS/2 Controller [PNP0303:PS2K,PNP0f03:PS2M] at 0x60,0x64 irq 1,12
[   13.577289] serio: i8042 KBD port at 0x60,0x64 irq 1
[   13.612317] serio: i8042 AUX port at 0x60,0x64 irq 12
[   13.619257] mousedev: PS/2 mouse device common for all mice
[   13.675507] rtc_cmos rtc_cmos: rtc core: registered rtc_cmos as rtc0
[   13.718444] rtc_cmos rtc_cmos: alarms up to one day, 114 bytes nvram
[   13.756419] input: AT Translated Set 2 keyboard as /devices/platform/i8042/serio0/input/input2
[   13.822674] i2c /dev entries driver
[   13.849948] device-mapper: uevent: version 1.0.3
[   13.851417] device-mapper: ioctl: 4.34.0-ioctl (2015-10-28) initialised: dm-devel@redhat.com
[   13.934520] ledtrig-cpu: registered to indicate activity on CPUs
[   13.968575] NET: Registered protocol family 10
[   13.971673] NET: Registered protocol family 17
[   13.995908] Key type dns_resolver registered
[   14.028048] registered taskstats version 1
[   14.054290] Loading compiled-in X.509 cetiictes
[   14.13961] oaed X.509 cert Buldtie autogenerated kernel key: 20acc96b50ca7641011eace69d32209215a9b56f'
[   14.351949] zswap: loaded using pool lzo/zbud
[   14.369634] Key type trusted registered
[   14.400322] Key type encrypted registered
[   14.407253] AppArmor: AppArmor sha1 policy hashing enabled
[   14.416127] ima: No TPM chip found, activating TPM-bypass!
[   14.418553] ima: Allocated hash algorithm: sha1
[   14.432332] evm: HMAC attrs: 0x1
[   14.451660]   Magic number: 10:333:690
[   14.458358] mem mem: hash matches
[   14.474902] rtc_cmos rtc_cmos: setting system clock to 2018-11-21 15:40:14 UTC (1542814814)
[   14.511587] BIOS EDD facility v0.16 2004-Jun-25, 0 devices found
[   14.535639] EDD information not available.
[   14.548396] Freeing unused kernel memory: 1528K
[   14.582652] Write protecting the kernel read-only data: 14336k
[   14.598833] Freeing unused kernel memory: 1672K
[   15.455258] Freeing unused kernel memory: 92K
Loading, please wait...
starting version[   15.490700] random: systemd-udevd: uninitialized urandom read (16 bytes read, 7 bits of entropy available)
 229
[   15.491675] random: udevadm: uninitialized urandom read (16 bytes read, 7 bits of entropy available)
[   15.491712] random: udevadm: uninitialized urandom read (16 bytes read, 7 bits of entropy available)
[   15.504837] random: udevadm: uninitialized urandom read (16 bytes read, 7 bits of entropy available)
[   15.504912] random: udevadm: uninitialized urandom read (16 bytes read, 7 bits of entropy available)
[   15.505143] random: udevadm: uninitialized urandom read (16 bytes read, 7 bits of entropy available)
[   15.505226] random: udevadm: uninitialized urandom read (16 bytes read, 7 bits of entropy available)
[   15.505306] random: udevadm: uninitialized urandom read (16 bytes read, 7 bits of entropy available)
[   15.505393] random: udevadm: uninitialized urandom read (16 bytes read, 7 bits of entropy available)
[   15.505475] random: udevadm: uninitialized urandom read (16 bytes read, 7 bits of entropy available)
[   15.937001] e1000: Intel(R) PRO/1000 Network Driver - version 7.3.21-k8-NAPI
[   15.939024] e1000: Copyright (c) 1999-2006 Intel Corporation.
[   15.940794] Fusion MPT base driver 3.04.20
[   15.956671] Copyright (c) 1999-2008 LSI Corporation
[   15.965490] Fusion MPT SPI Host driver 3.04.20
[   15.993478] AVX2 version of gcm_enc/dec engaged.
[   16.003847] AES CTR mode by8 optimization enabled
[   16.179658] input: ImExPS/2 Generic Explorer Mouse as /devices/platform/i8042/serio1/input/input4
[   16.346354] e1000 0000:00:03.0 eth0: (PCI:33MHz:32-bit) 02:28:89:27:00:51
[   16.348458] e1000 0000:00:03.0 eth0: Intel(R) PRO/1000 Network Connection
[   16.748107] e1000 0000:00:08.0 eth1: (PCI:33MHz:32-bit) 08:00:27:ca:1d:d8
[   16.752805] e1000 0000:00:08.0 eth1: Intel(R) PRO/1000 Network Connection
[   16.771349] e1000 0000:00:03.0 enp0s3: renamed from eth0
[   16.773023] mptbase: ioc0: Initiating bringup
[   16.786386] e1000 0000:00:08.0 enp0s8: renamed from eth1
[   17.134752] ioc0: LSI53C1030 A0: Capabilities={Initiator}
[   18.360381] scsi host2: ioc0: LSI53C1030 A0, FwRev=00000000h, Ports=1, MaxQ=256, IRQ=20
[   19.217370] scsi 2:0:0:0: Direct-Access     VBOX     HARDDISK         1.0  PQ: 0 ANSI: 5
[   19.255658] scsi target2:0:0: Beginning Domain Validation
[   19.277116] scsi target2:0:0: Domain Validation skipping write tests
[   19.278426] scsi target2:0:0: Ending Domain Validation
[   19.279653] scsi target2:0:0: asynchronous
[   19.280967] scsi 2:0:1:0: Direct-Access     VBOX     HARDDISK         1.0  PQ: 0 ANSI: 5
[   19.295374] scsi target2:0:1: Beginning Domain Validation
[   19.321400] scsi target2:0:1: Domain Validation skipping write tests
[   19.377604] scsi target2:0:1: Ending Domain Validation
[   19.957512] scsi target2:0:1: asynchronous
[   20.662979] sd 2:0:0:0: Attached scsi generic sg0 type 0
[   20.664488] sd 2:0:1:0: Attached scsi generic sg1 type 0
[   20.664643] sd 2:0:0:0: [sda] 20971520 512-byte logical blocks: (10.7 GB/10.0 GiB)
[   20.683155] sd 2:0:1:0: [sdb] 20480 512-byte logical blocks: (10.5 MB/10.0 MiB)
[   20.712833] sd 2:0:0:0: [sda] Write Protect is off
[   20.715189] sd 2:0:1:0: [sdb] Write Protect is off
[   20.715312] sd 2:0:1:0: [sdb] Incomplete mode parameter data
[   20.715313] sd 2:0:1:0: [sdb] Assuming drive cache: write through
[   20.717720] sd 2:0:1:0: [sdb] Attached SCSI disk
[   20.808284] sd 2:0:0:0: [sda] Incomplete mode parameter data
[   20.821770] sd 2:0:0:0: [sda] Assuming drive cache: write through
[   20.863536]  sda: sda1
[   20.881092] sd 2:0:0:0: [sda] Attached SCSI disk
Begin: Loading essential drivers[   22.361685] md: linear personality registered for level -1
 ... [   22.422178] md: multipath personality registered for level -4
[   22.473347] md: raid0 personality registered for level 0
[   22.494548] md: raid1 personality registered for level 1
[   22.566115] raid6: sse2x1   gen()  6997 MB/s
[   22.686468] raid6: sse2x1   xor()  6075 MB/s
[   22.795517] raid6: sse2x2   gen()  9331 MB/s
[   22.874157] raid6: sse2x2   xor()  6395 MB/s
[   22.958402] raid6: sse2x4   gen() 10838 MB/s
[   23.036475] raid6: sse2x4   xor()  7797 MB/s
[   23.134159] raid6: avx2x1   gen() 15024 MB/s
[   23.222150] raid6: avx2x2   gen() 18185 MB/s
[   23.338877] raid6: avx2x4   gen() 19383 MB/s
[   23.340442] raid6: using algorithm avx2x4 gen() 19383 MB/s
[   23.347817] raid6: using avx2x2 recovery algorithm
[   23.351058] xor: automatically using best checksumming function:
[   23.398193]    avx       : 12659.000 MB/sec
[   23.419602] async_tx: api initialized (async)
[   23.448975] md: raid6 personality registered for level 6
[   23.450572] md: raid5 personality registered for level 5
[   23.459249] md: raid4 personality registered for level 4
[   23.503147] md: raid10 personality registered for level 10
done.
Begin: Running /scripts/init-premount ... done.
Begin: Mounting root file system ... Begin: Running /scripts/local-top ... done.
Begin: Running /scripts/local-premount ... [   23.543653] Btrfs loaded
Scanning for Btrfs filesystems
done.
Warning: fsck not present, so skipping root file system
[   23.642949] EXT4-fs (sda1): mounted filesystem with ordered data mode. Opts: (null)
done.
Begin: Running /scripts/local-bottom ... done.
Begin: Running /scripts/init-bottom ... done.
[   24.176319] systemd[1]: systemd 229 running in system mode. (+PAM +AUDIT +SELINUX +IMA +APPARMOR +SMACK +SYSVINIT +UTMP +LIBCRYPTSETUP +GCRYPT +GNUTLS +ACL +XZ -LZ4 +SECCOMP +BLKID +ELFUTILS +KMOD -IDN)
[   24.290704] systemd[1]: Detected virtualization oracle.
[   24.323164] systemd[1]: Detected architecture x86-64.

Welcome to [1mUbuntu 16.04.5 LTS[0m!

[   24.364923] systemd[1]: Set hostname to <ubuntu>.
[   24.371267] systemd[1]: Initializing machine ID from random generator.
[   24.373422] systemd[1]: Installed transient /etc/machine-id file.
[   25.088715] systemd[1]: Listening on LVM2 metadata daemon socket.
[[0;32m  OK  [0m] Listening on LVM2 metadata daemon socket.
[   25.155728] systemd[1]: Listening on udev Control Socket.
[[0;32m  OK  [0m] Listening on udev Control Socket.
[   25.210746] systemd[1]: Reached target System Time Synchronized.
[[0;32m  OK  [0m] Reached target System Time Synchronized.
[   25.334952] systemd[1]: Started Trigger resolvconf update for networkd DNS.
[[0;32m  OK  [0m] Started Trigger resolvconf update for networkd DNS.
[   25.479650] systemd[1]: Reached target User and Group Name Lookups.
[[0;32m  OK  [0m] Reached target User and Group Name Lookups.
[   25.536929] systemd[1]: Listening on Syslog Socket.
[[0;32m  OK  [0m] Listening on Syslog Socket.
[   25.594668] systemd[1]: Created slice System Slice.
[[0;32m  OK  [0m] Created slice System Slice.
[   25.615425] systemd[1]: Created slice system-serial\x2dgetty.slice.
[[0;32m  OK  [0m] Created slice system-serial\x2dgetty.slice.
[   25.644415] systemd[1]: Reached target Encrypted Volumes.
[[0;32m  OK  [0m] Reached target Encrypted Volumes.
[   25.660462] systemd[1]: Started Forward Password Requests to Wall Directory Watch.
[[0;32m  OK  [0m] Started Forward Password Requests to Wall Directory Watch.
[   25.703049] systemd[1]: Listening on /dev/initctl Compatibility Named Pipe.
[[0;32m  OK  [0m] Listening on /dev/initctl Compatibility Named Pipe.
[   25.794738] systemd[1]: Listening on Journal Audit Socket.
[[0;32m  OK  [0m] Listening on Journal Audit Socket.
[   25.855399] systemd[1]: Listening on Journal Socket.
[[0;32m  OK  [0m] Listening on Journal Socket.
[   25.931102] systemd[1]: Starting Create list of required static device nodes for the current kernel...
[   25.932210] random: nonblocking pool is initialized
         Starting Create list of required st... nodes for the current kernel...
[   26.054276] systemd[1]: Mounting POSIX Message Queue File System...
         Mounting POSIX Message Queue File System...
[   26.094959] systemd[1]: Mounting Huge Pages File System...
         Mounting Huge Pages File System...
[   26.142328] systemd[1]: Mounting Debug File System...
         Mounting Debug File System...
[   26.178722] systemd[1]: Starting Remount Root and Kernel File Systems...
[   26.185334] EXT4-fs (sda1): re-mounted. Opts: (null)
         Starting Remount Root and Kernel File Systems...
[   26.211140] systemd[1]: Starting Set console keymap...
         Starting Set console keymap...
[   26.238583] systemd[1]: Starting Nameserver information manager...
         Starting Nameserver information manager...
[   26.295692] systemd[1]: Starting Load Kernel Modules...
         Starting Load Kernel Modules...
[   26.319109] systemd[1]: Starting Uncomplicated firewall...
[   26.319119] Loading iSCSI transport class v2.0-870.
         Starting Uncomplicated firewall...
[   26.358481] systemd[1]: Listening on udev Kernel Socket.
[[0;32m  OK  [[   26.372739] iscsi: registered transport (tcp)
0m] Listening on udev Kernel Socket.
[   26.394562] systemd[1]: Listening on Device-mapper event daemon FIFOs.
[[0;32m  OK  [0m] Listening on Device-mapper event daemon FIFOs.
[   26.418542] systemd[1]: Starting Monitoring of LVM2 mirrors, snapshots etc. using dmeventd or progress polling...
         Starting Monitoring of LVM2 mirrors... dmeventd or progress polling...
[   26.481243] iscsi: registered transport (iser)
[   27.619360] systemd[1]: Created slice User and Session Slice.
[[0;32m  OK  [0m] Created slice User and Session Slice.
[   27.666711] systemd[1]: Reached target Slices.
[[0;32m  OK  [0m] Reached target Slices.
[   27.715098] systemd[1]: Listening on LVM2 poll daemon socket.
[[0;32m  OK  [0m] Listening on LVM2 poll daemon socket.
[   27.770107] systemd[1]: Reached target Swap.
[[0;32m  OK  [0m] Reached target Swap.
[   27.798143] systemd[1]: Set up automount Arbitrary Executable File Formats File System Automount Point.
[[0;32m  OK  [0m] Set up automount Arbitrary Executab...ats File System Automount Point.
[   27.857394] systemd[1]: Listening on Journal Socket (/dev/log).
[[0;32m  OK  [0m] Listening on Journal Socket (/dev/log).
[   27.922636] systemd[1]: Starting Journal Service...
         Starting Journal Service...
[   27.955638] systemd[1]: Mounted Debug File System.
[[0;32m  OK  [0m] Mounted Debug File System.
[   28.021857] systemd[1]: Mounted POSIX Message Queue File System.
[[0;32m  OK  [0m] Mounted POSIX Message Queue File System.
[   28.058701] systemd[1]: Mounted Huge Pages File System.
[[0;32m  OK  [0m] Mounted Huge Pages File System.
[   28.087370] systemd[1]: Started Journal Service.
[[0;32m  OK  [0m] Started Journal Service.
[[0;32m  OK  [0m] Started Create list of required sta...ce nodes for the current kernel.
[[0;32m  OK  [0m] Started Remount Root and Kernel File Systems.
[[0;32m  OK  [0m] Started Set console keymap.
[[0;32m  OK  [0m] Started Load Kernel Modules.
[[0;32m  OK  [0m] Started Uncomplicated firewall.
[[0;32m  OK  [0m] Started Nameserver information manager.
[[0;32m  OK  [0m] Started LVM2 metadata daemon.
         Starting Apply Kernel Variables...
         Mounting FUSE Control File System...
         Starting udev Coldplug all Devices...
         Starting Load/Save Random Seed...
         Starting Create Static Device Nodes in /dev...
         Starting Flush Journal to Persistent Storage...
[[0;32m  OK  [0m] Mounted FUSE Control File System.
[[0;32m  OK  [0m] Started Apply Kernel Variables.
[[0;32m  OK  [0m] Started Monitoring of LVM2 mirrors,...ng dmeventd or progress polling.
[[0;32m  OK  [0m] Started Load/Save Random Seed.
[[0;32m  OK  [0m] Started Create Static Device Nodes in /dev.
[[0;32m  OK  [0m] Started udev Coldplug all Devices.
[[0;32m  OK  [0m] Started Flush Journal to Persistent Storage.
         Starting udev Kernel Device Manager...
[[0;32m  OK  [0m] Started udev Kernel Device Manager.
[[0;32m  OK  [0m] Reached target Local File Systems (Pre).
[[0;32m  OK  [0m] Reached target Local File Systems.
         Starting Set console font and keymap...
         Starting Initial cloud-init job (pre-networking)...
         Starting Create Volatile Files and Directories...
         Starting Commit a transient machine-id on disk...
         Starting LSB: AppArmor initialization...
         Starting Tell Plymouth To Write Out Runtime Data...
[[0;32m  OK  [0m] Started Dispatch Password Requests to Console Directory Watch.
[[0;32m  OK  [0m] Started Create Volatile Files and Directories.
[[0;32m  OK  [0m] Started Commit a transient machine-id on disk.
[[0;32m  OK  [0m] Started Tell Plymouth To Write Out Runtime Data.
[[0;32m  OK  [0m] Found device /dev/ttyS0.
[[0;32m  OK  [0m] Listening on Load/Save RF Kill Switch Status /dev/rfkill Watch.
         Starting Update UTMP about System Boot/Shutdown...
[[0;32m  OK  [0m] Started Update UTMP about System Boot/Shutdown.
[[0;32m  OK  [0m] Started Set console font and keymap.
[[0;32m  OK  [0m] Created slice system-getty.slice.
[[0;32m  OK  [0m] Started LSB: AppArmor initialization.
[   23.776339] cloud-init[475]: Cloud-init v. 18.3-9-g2e62cb8a-0ubuntu1~16.04.2 running 'init-local' at Wed, 21 Nov 2018 15:40:30 +0000. Up 23.21 seconds.
[[0;32m  OK  [0m] Started Initial cloud-init job (pre-networking).
[[0;32m  OK  [0m] Reached target Network (Pre).
         Starting Raise network interfaces...
[[0;32m  OK  [0m] Started Raise network interfaces.
[[0;32m  OK  [0m] Reached target Network.
         Starting Initial cloud-init job (metadata service crawler)...
[   25.744694] cloud-init[936]: Cloud-init v. 18.3-9-g2e62cb8a-0ubuntu1~16.04.2 running 'init' at Wed, 21 Nov 2018 15:40:32 +0000. Up 24.65 seconds.
[   25.806605] cloud-init[936]: ci-info: +++++++++++++++++++++++++++++++++++++Net device info++++++++++++++++++++++++++++++++++++++
[[0;32m  OK  [0m] Started Initial cloud-init job (metadata service crawler).
[   25.807291] cloud-init[936]: ci-info: +--------+-------+--------------------------+---------------+--------+-------------------+
[   25.977207] cloud-init[936]: ci-info: | Device |   Up  |         Address          |      Mask     | Scope  |     Hw-Address    |
[   25.977988] cloud-init[936]: ci-info: +--------+-------+--------------------------+---------------+--------+-------------------+
[   25.978351] cloud-init[936]: ci-info: | enp0s3 |  True |        10.0.2.15         | 255.255.255.0 | global | 02:28:89:27:00:51 |
[   25.978715] cloud-init[936]: ci-info: | enp0s3 |  True | fe80::28:89ff:fe27:51/64 |       .       |  link  | 02:28:89:27:00:51 |
[[0;32m  OK  [0m] Reached target System Initialization.
[   25.979596] cloud-init[936]: ci-info: | enp0s8 | False |            .             |       .       |   .    | 08:00:27:ca:1d:d8 |
[   26.185997] cloud-init[936]: ci-info: |   lo   |  True |        127.0.0.1         |   255.0.0.0   |  host  |         .         |
[   26.186678] cloud-init[936]: ci-info: |   lo   |  True |         ::1/128          |       .       |  host  |         .         |
[   26.186924] cloud-init[936]: ci-info: +--------+-------+--------------------------+---------------+--------+-------------------+
[   26.188429] cloud-init[936]: ci-info: +++++++++++++++++++++++++++Route IPv4 info++++++++++++++++++++++++++++
[   26.189636] cloud-init[936]: ci-info: +-------+-------------+----------+---------------+-----------+-------+
[   26.195260] cloud-init[936]: ci-info: | Route | Destination | Gateway  |    Genmask    | Interface | Flags |
[   26.196217] cloud-init[936]: ci-info: +-------+-------------+----------+---------------+-----------+-------+
[[0;32m  OK  [0m] Started Daily apt download activities.
[   26.196305] cloud-init[936]: ci-info: |   0   |   0.0.0.0   | 10.0.2.2 |    0.0.0.0    |   enp0s3  |   UG  |
[   26.467329] cloud-init[936]: ci-info: |   1   |   10.0.2.0  | 0.0.0.0  | 255.255.255.0 |   enp0s3  |   U   |
         Starting Socket activation for snappy daemon.
[   26.467868] cloud-init[936]: ci-info: +-------+-------------+----------+---------------+-----------+-------+
[   26.557022] cloud-init[936]: ci-info: +++++++++++++++++++Route IPv6 info+++++++++++++++++++
[   26.557541] cloud-init[936]: ci-info: +-------+-------------+---------+-----------+-------+
[   26.558215] cloud-init[936]: ci-info: | Route | Destination | Gateway | Interface | Flags |
[[0;32m  OK  [0m] Started ACPI Events Check.
[[   26.558474] cloud-init[936]: ci-info: +-------+-------------+---------+-----------+-------+
[   26.785984] cloud-init[936]: ci-info: |   0   |  fe80::/64  |    ::   |   enp0s3  |   U   |
[0;32m  OK  [0m] Reached target Paths.
[   26.786360] cloud-init[936]: ci-info: |   3   |   ff00::/8  |    ::   |   enp0s3  |   U   |
[   26.930828] cloud-init[936]: ci-info: +-------+-------------+---------+-----------+-------+
[[0;32m  OK  [0m] Listening on ACPID Listen Socket.
[[   26.931063] cloud-init[936]: Generating public/private rsa key pair.
[   27.050336] cloud-init[936]: Your identification has been saved in /etc/ssh/ssh_host_rsa_key.
[0;32m  OK  [0m] Listening on D-Bus System Message Bus Socket.
[   27.050539] cloud-init[936]: Your public key has been saved in /etc/ssh/ssh_host_rsa_key.pub.
         [   27.092986] Starting LXD - unix socket.cloud-init
[936]: The key fingerprint is:
[   27.140583] cloud-init[936]: SHA256:CDBoJYsz6+En20sXzE3YCj8gC8PQCbiX+BFWMkkL7g0 root@ubuntu-xenial
[   27.141146] cloud-init[936]: The key's randomart image is:
[[0;32m  OK  [0m] Started Daily Cleanup of Temporary Directories.
[[   27.141439] cloud-init[936]: +---[RSA 2048]----+
[   27.158990] cloud-init[936]: |=*B=.            |
[   27.159318] cloud-init[936]: |BoO*  o          |
[   27.159503] cloud-init[936]: |BE.=.. o         |
[   27.159697] cloud-init[936]: |==O *.+.         |
[   27.159862] cloud-init[936]: |.* o B..S        |
[   27.160281] cloud-init[936]: |o o   o          |
[   27.160735] cloud-init[936]: | + o .           |
[   27.161162] cloud-init[936]: |  * .            |
[   27.161396] cloud-init[936]: | . o.            |
[0;32m  OK  [0m] Listening on UUID daemon activation socket.
[[0;32m  OK  [0m[   27.162330] ] cloud-initStarted Daily apt upgrade and clean activities.[936]: 
+----[SHA256]-----+
[[0;32m  OK  [0m] Reached target Timers.
[[0;32m  OK  [0m] Reached target Network is Online.
[   27.420467] cloud-init[936]: Generating public/private dsa key pair.
[   27.469852] cloud-init[936]: Your identification has been saved in /etc/ssh/ssh_host_dsa_key.
[   27.470277] cloud-init[936]: Your public key has been saved in /etc/ssh/ssh_host_dsa_key.pub.
[   27.470529] cloud-init[936]: The key fingerprint is:
[   27.470764] cloud-init[936]: SHA256:tg+mo/fmUDrZNMCrrwIQ3iv25PnRAFtjkwG5bPwdSbE root@ubuntu-xenial
[   27.471002] cloud-init[936]: The key's randomart image is:
[   27.471239] cloud-init[936]: +---[DSA 1024]----+
         Starting iSCSI initiator daemon (iscsid)...
[[   27.471533] cloud-init[936]: |   .o. ..        |
[   27.625121] cloud-init[936]: |.  . .o..        |
[0;32m  OK  [0m] Reached target Cloud-config availability.
[   27.625364] cloud-init[936]: |..+..*+E.        |
[[   27.671674] cloud-init[936]: |.. *= o=         |
[   27.672320] cloud-init[936]: |. ..o.o S        |
[   27.672645] cloud-init[936]: |.o o ooO o       |
[   27.672892] cloud-init[936]: |..= o.=.=        |
[   27.673079] cloud-init[936]: |  .+ .+=.o       |
[0;32m  OK  [0m] Listening on Socket activation for snappy daemon.
[[   27.674060] cloud-init[936]: |   .+=o=o .      |
[   27.701429] cloud-init[936]: +----[SHA256]-----+
[0;32m  OK  [0m] Listening on LXD - unix socket.
[   27.701582] cloud-init[936]: Generating public/private ecdsa key pair.
[   27.792672] cloud-init[936]: Your identification has been saved in /etc/ssh/ssh_host_ecdsa_key.
[   27.821018] cloud-init[936]: Your public key has been saved in /etc/ssh/ssh_host_ecdsa_key.pub.
[   27.821442] cloud-init[936]: The key fingerprint is:
[[0;32m  OK  [0m] Reached target Sockets.
[   27.821770] cloud-init[936]: SHA256:5wNoI0PP804KA6Y46PY0lmzJy6kKsvaEg/z5m3aDkdE root@ubuntu-xenial
[   27.839354] cloud-init[936]: The key's randomart image is:
[   27.839584] cloud-init[936]: +---[ECDSA 256]---+
[   27.839948] [cloud-init[0;32m  OK  [0m[936]: ] |                 |Reached target Basic System.

[   27.840304] cloud-init[936]: |                 |
[   27.930704] cloud-init[936]: |    . .          |
[   27.936955] cloud-init[936]: |   . + E         |
[   27.952505] cloud-init[936]: |  o o X S .      |
[   27.952953] cloud-init[936]: |=o+.o* + +       |
         Starting Virtualbox guest utils...
[   27.953146] cloud-init[936]: |O+ @o o o o      |
[   28.053650] cloud-init[936]: |+=O ==.*   .     |
[   28.061016] cloud-init[936]: |*o+Oo++ o        |
[   28.062832] cloud-init[936]: +----[SHA256]-----+
[   28.064904] cloud-init[936]: Generating public/private ed25519 key pair.
[   28.065335] cloud-init[936]: Your identification has been saved in /etc/ssh/ssh_host_ed25519_key.
[   28.065584] cloud-init[936]: Your public key has been saved in /etc/ssh/ssh_host_ed25519_key.pub.
[   28.065828] cloud-init[936]: The key fingerprint is:
[   28.066069] cloud-init[936]: SHA256:1qUY/D2Zj23GQAkeFyzal6Poeaz3ZvN+8ASQg4NIlWo root@ubuntu-xenial
[   28.066312] cloud-init[936]: The key's randomart image is:
         Starting /etc/rc.local Compatibility...
[   28.066594] cloud-init[936]: +--[ED25519 256]--+
[   28.137537] cloud-init[936]: |     ..o.ooooo   |
[   28.138105] cloud-init[936]: |      ..o.++=.   |
         Starting Login Service...
[   28.139486] cloud-init[936]: |       .oo.o++   |
[   28.217054] cloud-init[936]: |      E .=.=+o.  |
[[0;32m  OK  [0m] Started Unattended Upgrades Shutdown.
[   28.217514] cloud-init[936]: |     .  S.+o*. . |
[   28.296462] cloud-init[936]: |       .. .  B. .|
[   28.304479] cloud-init[936]: |       . o  . *+ |
[   28.306163] cloud-init[936]: |        o + +o  o|
[   28.328643] cloud-init[936]: |        .+ +.+o. |
[   28.329064] cloud-init[936]: +----[SHA256]-----+
[[0;32m  OK  [0m] Started D-Bus System Message Bus.
         Starting LSB: MD monitoring daemon...
[[0;32m  OK  [0m] Started Deferred execution scheduler.
         Starting LSB: Record successful boot for GRUB...
         Starting Pollinate to seed the pseudo random number generator...
[[0;32m  OK  [0m] Started Regular background program processing daemon.
[[0;32m  OK  [0m] Started FUSE filesystem for LXC.
         Starting LXD - container startup/shutdown...
         Starting System Logging Service...
         Starting Snappy daemon...
[[0;32m  OK  [0m] Started ACPI event daemon.
         Starting Accounts Service...
[[0;32m  OK  [0m] Started iSCSI initiator daemon (iscsid).
[[0;32m  OK  [0m] Started /etc/rc.local Compatibility.
[[0;32m  OK  [0m] Started System Logging Service.
         Starting Login to default iSCSI targets...
[[0;32m  OK  [0m] Started LSB: MD monitoring daemon.
[[0;32m  OK  [0m] Started LSB: Record successful boot for GRUB.
[[0;32m  OK  [0m] Started Login Service.
         Starting Authenticate and Authorize Users to Run Privileged Tasks...
[[0;32m  OK  [0m] Started Login to default iSCSI targets.
[[0;32m  OK  [0m] Reached target Remote File Systems (Pre).
[[0;32m  OK  [0m] Reached target Remote File Systems.
         Starting Permit User Sessions...
         Starting LSB: Set the CPU Frequency Scaling governor to "ondemand"...
         Starting LSB: automatic crash report generation...
         Starting LSB: daemon to balance interrupts for SMP systems...
[[0;32m  OK  [0m] Started Virtualbox guest utils.
[[0;32m  OK  [0m] Started Permit User Sessions.
[[0;32m  OK  [0m] Started Authenticate and Authorize Users to Run Privileged Tasks.
[[0;32m  OK  [0m] Started Accounts Service.
[[0;32m  OK  [0m] Started LXD - container startup/shutdown.
         Starting Hold until boot process finishes up...
         Starting Terminate Plymouth Boot Screen...
[[0;32m  OK  [0m] Started Snappy daemon.
[[0;32m  OK  [0m] Started LSB: Set the CPU Frequency Scaling governor to "ondemand".
[[0;32m  OK  [0m] Started LSB: automatic crash report generation.
[[0;32m  OK  [0m] Started Hold until boot process finishes up.
[[0;32m  OK  [0m] Started Terminate Plymouth Boot Screen.
[[0;32m  OK  [0m] Started LSB: daemon to balance interrupts for SMP systems.
         Starting Set console scheme...
[[0;32m  OK  [0m] Started Serial Getty on ttyS0.
[[0;32m  OK  [0m] Started Getty on tty1.
[[0;32m  OK  [0m] Reached target Login Prompts.
         Starting Wait until snapd is fully seeded...
[[0;32m  OK  [0m] Started Set console scheme.
[[0;32m  OK  [0m] Started Pollinate to seed the pseudo random number generator.
         Starting OpenBSD Secure Shell server...
[[0;32m  OK  [0m] Started OpenBSD Secure Shell server.
[[0;32m  OK  [0m] Created slice User Slice of vagrant.
         Starting User Manager for UID 1000...
[[0;32m  OK  [0m] Started Session 1 of user vagrant.
[[0;32m  OK  [0m] Started User Manager for UID 1000.
         Stopping User Manager for UID 1000...
[[0;32m  OK  [0m] Created slice User Slice of vagrant.
[[0;32m  OK  [0m] Started Session 2 of user vagrant.
         Starting User Manager for UID 1000...
[[0;32m  OK  [0m] Started User Manager for UID 1000.

Ubuntu 16.04.5 LTS ubuntu-xenial ttyS0

ubuntu-xenial login: [   37.275999] cloud-init[1973]: Generating locales (this might take a while)...
[   38.591728] cloud-init[1973]:   en_US.UTF-8... done
[   38.592107] cloud-init[1973]: Generation complete.
[   39.414954] cloud-init[1973]: Cloud-init v. 18.3-9-g2e62cb8a-0ubuntu1~16.04.2 running 'modules:config' at Wed, 21 Nov 2018 15:40:44 +0000. Up 37.02 seconds.
ci-info: no authorized ssh keys fingerprints found for user ubuntu.
<14>Nov 21 15:40:47 ec2: 
<14>Nov 21 15:40:47 ec2: #############################################################
<14>Nov 21 15:40:47 ec2: -----BEGIN SSH HOST KEY FINGERPRINTS-----
<14>Nov 21 15:40:47 ec2: 1024 SHA256:tg+mo/fmUDrZNMCrrwIQ3iv25PnRAFtjkwG5bPwdSbE root@ubuntu-xenial (DSA)
<14>Nov 21 15:40:47 ec2: 256 SHA256:5wNoI0PP804KA6Y46PY0lmzJy6kKsvaEg/z5m3aDkdE root@ubuntu-xenial (ECDSA)
<14>Nov 21 15:40:47 ec2: 256 SHA256:1qUY/D2Zj23GQAkeFyzal6Poeaz3ZvN+8ASQg4NIlWo root@ubuntu-xenial (ED25519)
<14>Nov 21 15:40:47 ec2: 2048 SHA256:CDBoJYsz6+En20sXzE3YCj8gC8PQCbiX+BFWMkkL7g0 root@ubuntu-xenial (RSA)
<14>Nov 21 15:40:47 ec2: -----END SSH HOST KEY FINGERPRINTS-----
<14>Nov 21 15:40:47 ec2: #############################################################
-----BEGIN SSH HOST KEY KEYS-----
ecdsa-sha2-nistp256 AAAAE2VjZHNhLXNoYTItbmlzdHAyNTYAAAAIbmlzdHAyNTYAAABBBK8qYobETZawuIbtnvzkpw+hXFjfJeLvOFPECweXrrHarClkvuYkpTD+Qkd9bNpWvWfUrcrLZryK3HORHgeisQE= root@ubuntu-xenial
ssh-ed25519 AAAAC3NzaC1lZDI1NTE5AAAAIFMRNuzHa+At+LpY47k26n3Pj4q+Hi8niHJWzxbk4cmL root@ubuntu-xenial
ssh-rsa AAAAB3NzaC1yc2EAAAADAQABAAABAQDb00xCN6TzXbAKyQleiYkoStAtuyqqxeC7dbp5Xv5PUnBl9EZGUss0O1p1tWav/YpoqFuQcwaoBesnTHts8ppBxFlnCMZc3DteJNPq2xiLolFg8MNTKf8OETlpzBx3oq54KUK7zWkjfTca5NpDOTBui/13aJZOmEbxXyD7LniDLsEmP3y7ItcAIeFaEhabmJkE1Xb7C+Y1x7HOudGJu5blUQhYPh4edh2XyDOTFQRasYi2u0NZImNozpq3DvzV5UYL26VqWk5797UN7BScR4X0tucTOyFs0lLnx3//xG2xSQyT6MkylCQma2GF7wO/3BZNAGzevL7gJhY4HzhgD395 root@ubuntu-xenial
-----END SSH HOST KEY KEYS-----
[   40.275614] cloud-init[2015]: Cloud-init v. 18.3-9-g2e62cb8a-0ubuntu1~16.04.2 running 'modules:final' at Wed, 21 Nov 2018 15:40:47 +0000. Up 39.94 seconds.
[   40.276368] cloud-init[2015]: ci-info: no authorized ssh keys fingerprints found for user ubuntu.
[   40.276838] cloud-init[2015]: Cloud-init v. 18.3-9-g2e62cb8a-0ubuntu1~16.04.2 finished at Wed, 21 Nov 2018 15:40:47 +0000. Datasource DataSourceNoCloud [seed=/dev/sdb][dsmode=net].  Up 40.26 seconds
